/Users/andrewrohde/SoloCoding/3D-Renderer/src/main/java/com/example/renderer/ColorCalcThread.java
/Users/andrewrohde/SoloCoding/3D-Renderer/src/main/java/com/example/renderer/ImageGUI.java
/Users/andrewrohde/SoloCoding/3D-Renderer/src/main/java/com/example/HelloWorld.java
/Users/andrewrohde/SoloCoding/3D-Renderer/src/main/java/com/example/renderer/Sphere.java
/Users/andrewrohde/SoloCoding/3D-Renderer/src/main/java/com/example/renderer/VectorPair.java
/Users/andrewrohde/SoloCoding/3D-Renderer/src/main/java/com/example/renderer/Screen.java
/Users/andrewrohde/SoloCoding/3D-Renderer/src/main/java/module-info.java
/Users/andrewrohde/SoloCoding/3D-Renderer/src/main/java/com/example/renderer/Material.java
/Users/andrewrohde/SoloCoding/3D-Renderer/src/main/java/com/example/renderer/ImageColor.java
/Users/andrewrohde/SoloCoding/3D-Renderer/src/main/java/com/example/renderer/Image.java
/Users/andrewrohde/SoloCoding/3D-Renderer/src/main/java/com/example/renderer/ImageViewPane.java
/Users/andrewrohde/SoloCoding/3D-Renderer/src/main/java/com/example/renderer/ImagePlane.java
/Users/andrewrohde/SoloCoding/3D-Renderer/src/main/java/com/example/renderer/Vector.java
/Users/andrewrohde/SoloCoding/3D-Renderer/src/main/java/com/example/renderer/Ray.java
/Users/andrewrohde/SoloCoding/3D-Renderer/src/main/java/com/example/renderer/Calculate.java
/Users/andrewrohde/SoloCoding/3D-Renderer/src/main/java/com/example/renderer/Color.java
/Users/andrewrohde/SoloCoding/3D-Renderer/src/main/java/com/example/renderer/Light.java
